[2026-04-13T00:21:32Z] === ENRICH ITERATION 1 START | repo=aws/aws-sdk-ruby sha=3665106e ===
[2026-04-13T00:21:32Z] [iter=1] PHASE START: enrich repo=aws/aws-sdk-ruby sha=3665106e runlog=/home/runner/work/forx/forx/storage/aggregate/lsp/logs/3665106e-enrich-iter-001.log output=/home/runner/work/forx/forx/storage/aggregate/lsp/3665106e009d2e46b022b00997c939b1c28fb022.nq.gz
[2026-04-13T00:21:41Z] [iter=1] Step 1: Loading AST into disk-backed store mem_mb=78 MB
[2026-04-13T00:21:52Z] [iter=1] AST store loaded triples=1546768 load_secs=11 mem_mb=940 MB
[2026-04-13T00:21:52Z] [iter=1] Step 2: Finding LSP targets mem_mb=940 MB
[2026-04-13T00:22:05Z] [iter=1] LSP targets found call_sites=28152 imports=0 extends=2 implements=0 secs=13
[2026-04-13T00:22:17Z] [iter=1] Step 2.7: Building position index (one-shot, shared across resolvers) mem_mb=940 MB
[2026-04-13T00:22:25Z] [iter=1] Position index built positions=99153 nodes_with_types=128565 secs=8 mem_mb=940 MB
[2026-04-13T00:22:25Z] [iter=1] Step 3: Starting LSP resolution mem_mb=940 MB already_completed_types=[] already_completed_files=0
[2026-04-13T00:22:25Z] [iter=1] Resolving target type target_type=call_site count=28152
[2026-04-13T00:22:26Z] [iter=1] HEARTBEAT target_type=call_site elapsed_min=0.9 files_done=0 resolved=0 errors=0 current=aws-sdk-core/lib/aws-sdk-core/plugins/s3_control_signer.rb
[2026-04-13T00:23:35Z] [iter=1] HEARTBEAT target_type=call_site elapsed_min=2.1 files_done=3 resolved=10 errors=96 current=aws-sdk-core/lib/aws-sdk-core/checksums.rb
[2026-04-13T00:24:36Z] [iter=1] HEARTBEAT target_type=call_site elapsed_min=3.1 files_done=7 resolved=46 errors=190 current=aws-sdk-core/spec/aws_spec.rb
[2026-04-13T00:25:11Z] [iter=1] HEARTBEAT target_type=call_site elapsed_min=3.6 files_done=9 resolved=65 errors=245 current=aws-sdk-resources/spec/services/s3/encryption/client_spec.rb
[2026-04-13T00:26:02Z] [iter=1] HEARTBEAT target_type=call_site elapsed_min=4.5 files_done=10 resolved=86 errors=322 current=aws-sdk-resources/lib/aws-sdk-resources/services/s3/encryptionV2/utils.rb
[2026-04-13T00:26:49Z] [iter=1] HEARTBEAT target_type=call_site elapsed_min=5.3 files_done=12 resolved=96 errors=398 current=aws-sdk-core/spec/seahorse/model/operation_spec.rb
[2026-04-13T00:27:25Z] [iter=1] HEARTBEAT target_type=call_site elapsed_min=5.9 files_done=15 resolved=122 errors=453 current=aws-sdk-core/spec/seahorse/model/shapes_spec.rb
[2026-04-13T00:28:36Z] [iter=1] HEARTBEAT target_type=call_site elapsed_min=7.1 files_done=16 resolved=127 errors=564 current=aws-sdk-core/spec/aws/endpoint_cache_spec.rb
[2026-04-13T00:30:01Z] [iter=1] HEARTBEAT target_type=call_site elapsed_min=8.5 files_done=18 resolved=146 errors=692 current=aws-sdk-resources/lib/aws-sdk-resources/services/s3/encryptionV2/decrypt_handler.rb
[2026-04-13T00:30:59Z] [iter=1] HEARTBEAT target_type=call_site elapsed_min=9.5 files_done=19 resolved=158 errors=785 current=aws-sdk-resources/spec/services/s3/encryption/client_functional_spec.rb
[2026-04-13T00:31:59Z] [iter=1] HEARTBEAT target_type=call_site elapsed_min=10.5 files_done=20 resolved=177 errors=878 current=aws-sdk-resources/lib/aws-sdk-resources/source.rb
[2026-04-13T00:32:44Z] [iter=1] HEARTBEAT target_type=call_site elapsed_min=11.2 files_done=23 resolved=190 errors=950 current=aws-sdk-core/spec/seahorse/client/handler_list_spec.rb
[2026-04-13T00:33:53Z] [iter=1] HEARTBEAT target_type=call_site elapsed_min=12.4 files_done=24 resolved=195 errors=1060 current=aws-sdk-core/spec/aws/xml/doc_builder_spec.rb
[2026-04-13T00:34:53Z] [iter=1] HEARTBEAT target_type=call_site elapsed_min=13.4 files_done=26 resolved=212 errors=1156 current=aws-sdk-resources/lib/aws-sdk-resources/services/s3/encryption/encrypt_handler.rb
[2026-04-13T00:35:43Z] [iter=1] HEARTBEAT target_type=call_site elapsed_min=14.2 files_done=28 resolved=219 errors=1235 current=aws-sdk-core/lib/aws-sdk-core/partitions.rb
[2026-04-13T00:36:24Z] [iter=1] HEARTBEAT target_type=call_site elapsed_min=14.9 files_done=31 resolved=229 errors=1300 current=aws-sdk-core/lib/seahorse/client/logging/formatter.rb
[2026-04-13T00:37:28Z] [iter=1] HEARTBEAT target_type=call_site elapsed_min=15.9 files_done=32 resolved=235 errors=1403 current=Rakefile
[2026-04-13T00:38:04Z] [iter=1] HEARTBEAT target_type=call_site elapsed_min=16.5 files_done=37 resolved=259 errors=1457 current=aws-sdk-resources/spec/services/s3/encryptionV2/client_functional_spec.rb
[2026-04-13T00:39:36Z] [iter=1] HEARTBEAT target_type=call_site elapsed_min=18.1 files_done=38 resolved=281 errors=1600 current=aws-sdk-resources/spec/services/s3/bucket/url_spec.rb
[2026-04-13T00:40:14Z] [iter=1] HEARTBEAT target_type=call_site elapsed_min=18.7 files_done=40 resolved=289 errors=1659 current=aws-sdk-core/spec/aws/s3/client/region_detection_spec.rb
[2026-04-13T00:40:48Z] [iter=1] HEARTBEAT target_type=call_site elapsed_min=19.3 files_done=44 resolved=303 errors=1710 current=aws-sdk-core/spec/aws/s3/client_spec.rb
[2026-04-13T00:42:49Z] [iter=1] HEARTBEAT target_type=call_site elapsed_min=21.3 files_done=45 resolved=314 errors=1901 current=aws-sdk-core/spec/aws/plugins/retry_errors_spec.rb
[2026-04-13T00:43:25Z] [iter=1] HEARTBEAT target_type=call_site elapsed_min=21.9 files_done=46 resolved=318 errors=1957 current=aws-sdk-core/lib/aws-sdk-core/xml/parser/engines/rexml.rb
[2026-04-13T00:44:32Z] [iter=1] HEARTBEAT target_type=call_site elapsed_min=23.0 files_done=49 resolved=334 errors=2063 current=aws-sdk-core/spec/aws/api/docs/response_structure_example_spec.rb
[2026-04-13T00:46:05Z] [iter=1] HEARTBEAT target_type=call_site elapsed_min=24.5 files_done=50 resolved=337 errors=2211 current=aws-sdk-core/lib/aws-sdk-core.rb
[2026-04-13T00:46:45Z] [iter=1] HEARTBEAT target_type=call_site elapsed_min=25.2 files_done=52 resolved=506 errors=2272 current=aws-sdk-core/spec/aws/api/docs/shared_example_spec.rb
[2026-04-13T00:48:33Z] [iter=1] HEARTBEAT target_type=call_site elapsed_min=27.0 files_done=55 resolved=534 errors=2443 current=aws-sdk-core/spec/seahorse/client/request_spec.rb
[2026-04-13T00:49:06Z] [iter=1] HEARTBEAT target_type=call_site elapsed_min=27.6 files_done=57 resolved=559 errors=2495 current=aws-sdk-core/spec/aws/api/docs/request_syntax_example_spec.rb
[2026-04-13T00:51:06Z] [iter=1] HEARTBEAT target_type=call_site elapsed_min=29.6 files_done=58 resolved=566 errors=2689 current=aws-sdk-core/spec/aws/partitions_spec.rb
[2026-04-13T00:52:15Z] [iter=1] HEARTBEAT target_type=call_site elapsed_min=30.7 files_done=59 resolved=581 errors=2798 current=aws-sdk-resources/lib/aws-sdk-resources/documenter/has_many_operation_documenter.rb
[2026-04-13T00:53:00Z] [iter=1] HEARTBEAT target_type=call_site elapsed_min=31.5 files_done=63 resolved=594 errors=2868 current=aws-sdk-core/spec/aws/iotdataplane/client_spec.rb
[2026-04-13T00:54:20Z] [iter=1] HEARTBEAT target_type=call_site elapsed_min=32.8 files_done=68 resolved=671 errors=2991 current=aws-sdk-core/lib/aws-sdk-core/xml/builder.rb
[2026-04-13T00:55:03Z] [iter=1] HEARTBEAT target_type=call_site elapsed_min=33.5 files_done=69 resolved=674 errors=3062 current=aws-sdk-core/spec/seahorse/client/plugin_list_spec.rb
[2026-04-13T00:55:53Z] [iter=1] HEARTBEAT target_type=call_site elapsed_min=34.4 files_done=71 resolved=691 errors=3140 current=aws-sdk-resources/spec/builder_sources_spec.rb
[2026-04-13T00:56:39Z] [iter=1] HEARTBEAT target_type=call_site elapsed_min=35.1 files_done=74 resolved=725 errors=3209 current=aws-sdk-resources/spec/services/s3/bucket/delete_spec.rb
[2026-04-13T00:57:51Z] [iter=1] HEARTBEAT target_type=call_site elapsed_min=36.3 files_done=76 resolved=741 errors=3324 current=aws-sdk-core/lib/aws-sdk-core/shared_config.rb
[2026-04-13T00:59:14Z] [iter=1] HEARTBEAT target_type=call_site elapsed_min=37.7 files_done=78 resolved=777 errors=3454 current=aws-sdk-core/spec/aws/plugins/region_endpoint_spec.rb
[2026-04-13T01:00:28Z] [iter=1] HEARTBEAT target_type=call_site elapsed_min=38.9 files_done=81 resolved=805 errors=3567 current=aws-sdk-core/spec/aws/credentials_spec.rb
[2026-04-13T01:01:13Z] [iter=1] HEARTBEAT target_type=call_site elapsed_min=39.7 files_done=83 resolved=809 errors=3640 current=aws-sdk-resources/lib/aws-sdk-resources/documenter.rb
[2026-04-13T01:02:02Z] [iter=1] HEARTBEAT target_type=call_site elapsed_min=40.5 files_done=86 resolved=820 errors=3718 current=aws-sdk-resources/lib/aws-sdk-resources/services/s3/encryptionV2/materials.rb
[2026-04-13T01:02:33Z] [iter=1] HEARTBEAT target_type=call_site elapsed_min=41.0 files_done=89 resolved=849 errors=3764 current=aws-sdk-core/spec/aws/stubbing/protocols/rest_xml_spec.rb
[2026-04-13T01:03:11Z] [iter=1] HEARTBEAT target_type=call_site elapsed_min=41.7 files_done=91 resolved=871 errors=3824 current=aws-sdk-core/spec/aws/query/param_spec.rb
[2026-04-13T01:03:59Z] [iter=1] HEARTBEAT target_type=call_site elapsed_min=42.5 files_done=94 resolved=878 errors=3900 current=aws-sdk-core/spec/seahorse/client/plugins/content_length_spec.rb
[2026-04-13T01:05:29Z] [iter=1] HEARTBEAT target_type=call_site elapsed_min=44.0 files_done=98 resolved=907 errors=4042 current=aws-sdk-core/features/sns/step_definitions.rb
[2026-04-13T01:06:44Z] [iter=1] HEARTBEAT target_type=call_site elapsed_min=45.2 files_done=102 resolved=953 errors=4158 current=aws-sdk-core/lib/aws-sdk-core/log/param_formatter.rb
[2026-04-13T01:07:41Z] [iter=1] HEARTBEAT target_type=call_site elapsed_min=46.2 files_done=104 resolved=962 errors=4249 current=aws-sdk-core/lib/aws-sdk-core/plugins/sqs_md5s.rb
[2026-04-13T01:08:12Z] [iter=1] HEARTBEAT target_type=call_site elapsed_min=46.7 files_done=105 resolved=970 errors=4297 current=aws-sdk-resources/spec/services/s3/object/upload_file_spec.rb
[2026-04-13T01:08:59Z] [iter=1] HEARTBEAT target_type=call_site elapsed_min=47.5 files_done=107 resolved=998 errors=4370 current=aws-sdk-core/lib/aws-sdk-core/cloudfront/signer.rb
[2026-04-13T01:09:44Z] [iter=1] HEARTBEAT target_type=call_site elapsed_min=48.2 files_done=111 resolved=1038 errors=4439 current=aws-sdk-resources/lib/aws-sdk-resources/builder_sources.rb
[2026-04-13T01:10:55Z] [iter=1] HEARTBEAT target_type=call_site elapsed_min=49.4 files_done=114 resolved=1092 errors=4549 current=aws-sdk-resources/spec/services/s3/encryptionV2/client_spec.rb
[2026-04-13T01:11:46Z] [iter=1] HEARTBEAT target_type=call_site elapsed_min=50.2 files_done=117 resolved=1107 errors=4626 current=aws-sdk-resources/spec/services/s3/object_summary_spec.rb
[2026-04-13T01:12:24Z] [iter=1] HEARTBEAT target_type=call_site elapsed_min=50.9 files_done=119 resolved=1108 errors=4685 current=aws-sdk-core/lib/aws-sdk-core/api/docs/builder.rb
[2026-04-13T01:13:19Z] [iter=1] HEARTBEAT target_type=call_site elapsed_min=51.8 files_done=120 resolved=1120 errors=4773 current=aws-sdk-resources/lib/aws-sdk-resources/services/s3/encryptionV2/io_decrypter.rb
[2026-04-13T01:14:33Z] [iter=1] HEARTBEAT target_type=call_site elapsed_min=53.0 files_done=122 resolved=1135 errors=4890 current=aws-sdk-resources/lib/aws-sdk-resources/services/s3/encryptionV2/client.rb
[2026-04-13T01:15:10Z] [iter=1] HEARTBEAT target_type=call_site elapsed_min=53.6 files_done=123 resolved=1153 errors=4947 current=aws-sdk-core/spec/aws/param_converter_spec.rb
[2026-04-13T01:15:47Z] [iter=1] HEARTBEAT target_type=call_site elapsed_min=54.2 files_done=124 resolved=1186 errors=5004 current=aws-sdk-core/spec/seahorse/client/plugins/logging_spec.rb
[2026-04-13T01:16:29Z] [iter=1] HEARTBEAT target_type=call_site elapsed_min=55.0 files_done=127 resolved=1190 errors=5072 current=aws-sdk-resources/spec/operations/has_operation_spec.rb
[2026-04-13T01:17:17Z] [iter=1] HEARTBEAT target_type=call_site elapsed_min=55.8 files_done=131 resolved=1228 errors=5147 current=aws-sdk-core/spec/aws/waiters_spec.rb
[2026-04-13T01:17:53Z] [iter=1] HEARTBEAT target_type=call_site elapsed_min=56.4 files_done=132 resolved=1254 errors=5203 current=aws-sdk-core/lib/aws-sdk-core/query/param.rb
[2026-04-13T01:18:59Z] [iter=1] HEARTBEAT target_type=call_site elapsed_min=57.5 files_done=136 resolved=1290 errors=5306 current=aws-sdk-core/lib/aws-sdk-core/api/docs/param_formatter.rb
[2026-04-13T01:19:54Z] [iter=1] HEARTBEAT target_type=call_site elapsed_min=58.4 files_done=137 resolved=1293 errors=5395 current=aws-sdk-resources/spec/services/s3/object/multipart_copy_spec.rb
[2026-04-13T01:20:51Z] [iter=1] HEARTBEAT target_type=call_site elapsed_min=59.3 files_done=139 resolved=1300 errors=5480 current=aws-sdk-resources/spec/services/s3/presigned_post_spec.rb
[2026-04-13T01:21:30Z] [iter=1] HEARTBEAT target_type=call_site elapsed_min=60.0 files_done=141 resolved=1342 errors=5540 current=aws-sdk-core/lib/seahorse/client/handler_list_entry.rb
[2026-04-13T01:22:10Z] [iter=1] HEARTBEAT target_type=call_site elapsed_min=60.6 files_done=144 resolved=1358 errors=5604 current=aws-sdk-core/spec/aws/dynamodb/client_spec.rb
[2026-04-13T01:22:50Z] [iter=1] HEARTBEAT target_type=call_site elapsed_min=61.3 files_done=145 resolved=1362 errors=5667 current=aws-sdk-core/spec/aws/plugins/endpoint_discovery_spec.rb
[2026-04-13T01:23:32Z] [iter=1] HEARTBEAT target_type=call_site elapsed_min=62.0 files_done=146 resolved=1367 errors=5734 current=aws-sdk-core/lib/aws-sdk-core/applicationinsights.rb
[2026-04-13T01:24:15Z] [iter=1] HEARTBEAT target_type=call_site elapsed_min=62.7 files_done=149 resolved=1370 errors=5803 current=aws-sdk-resources/tasks/resources.rake
[2026-04-13T01:25:08Z] [iter=1] HEARTBEAT target_type=call_site elapsed_min=63.6 files_done=150 resolved=1386 errors=5886 current=aws-sdk-resources/lib/aws-sdk-resources/services/s3/file_downloader.rb
[2026-04-13T01:25:39Z] [iter=1] HEARTBEAT target_type=call_site elapsed_min=64.1 files_done=151 resolved=1402 errors=5935 current=aws-sdk-core/spec/aws/cognito_identity/client_spec.rb
[2026-04-13T01:26:33Z] [iter=1] HEARTBEAT target_type=call_site elapsed_min=65.0 files_done=154 resolved=1422 errors=6022 current=aws-sdk-core/lib/aws-sdk-core/dynamodb/attribute_value.rb
[2026-04-13T01:27:13Z] [iter=1] HEARTBEAT target_type=call_site elapsed_min=65.7 files_done=156 resolved=1445 errors=6085 current=aws-sdk-resources/lib/aws-sdk-resources/services/s3/encryptionV2/kms_cipher_provider.rb
[2026-04-13T01:28:01Z] [iter=1] HEARTBEAT target_type=call_site elapsed_min=66.5 files_done=158 resolved=1473 errors=6161 current=aws-sdk-core/spec/aws/credential_resolution_chain_spec.rb
[2026-04-13T01:28:48Z] [iter=1] HEARTBEAT target_type=call_site elapsed_min=67.3 files_done=159 resolved=1480 errors=6235 current=aws-sdk-core/lib/aws-sdk-core/s3/bucket_region_cache.rb
[2026-04-13T01:29:24Z] [iter=1] HEARTBEAT target_type=call_site elapsed_min=67.9 files_done=161 resolved=1488 errors=6293 current=aws-sdk/aws-sdk.gemspec
[2026-04-13T01:30:29Z] [iter=1] HEARTBEAT target_type=call_site elapsed_min=68.9 files_done=163 resolved=1500 errors=6396 current=aws-sdk-core/lib/aws-sdk-core/xml/parser/frame.rb
[2026-04-13T01:31:19Z] [iter=1] HEARTBEAT target_type=call_site elapsed_min=69.8 files_done=164 resolved=1516 errors=6477 current=aws-sdk-core/spec/aws/sts/sts_regional_endpoints_spec.rb
[2026-04-13T01:32:22Z] [iter=1] HEARTBEAT target_type=call_site elapsed_min=70.8 files_done=165 resolved=1520 errors=6579 current=aws-sdk-core/lib/seahorse/client/handler_list.rb
[2026-04-13T01:33:11Z] [iter=1] HEARTBEAT target_type=call_site elapsed_min=71.7 files_done=167 resolved=1530 errors=6656 current=aws-sdk-resources/lib/aws-sdk-resources/services/s3/encryptionV2/default_cipher_provider.rb
[2026-04-13T01:33:46Z] [iter=1] HEARTBEAT target_type=call_site elapsed_min=72.2 files_done=169 resolved=1553 errors=6711 current=aws-sdk-core/lib/seahorse/client/net_http/handler.rb
[2026-04-13T01:34:26Z] [iter=1] HEARTBEAT target_type=call_site elapsed_min=72.9 files_done=170 resolved=1558 errors=6774 current=aws-sdk-core/spec/seahorse/client/configuration_spec.rb
[2026-04-13T01:35:14Z] [iter=1] HEARTBEAT target_type=call_site elapsed_min=73.7 files_done=173 resolved=1560 errors=6849 current=aws-sdk-resources/spec/operations/load_operation_spec.rb
[2026-04-13T01:36:06Z] [iter=1] HEARTBEAT target_type=call_site elapsed_min=74.6 files_done=175 resolved=1562 errors=6933 current=aws-sdk-resources/spec/services/s3/bucket_spec.rb
[2026-04-13T01:36:43Z] [iter=1] HEARTBEAT target_type=call_site elapsed_min=75.2 files_done=178 resolved=1580 errors=6991 current=aws-sdk-core/spec/aws/rds/auth_token_generator_spec.rb
[2026-04-13T01:37:17Z] [iter=1] HEARTBEAT target_type=call_site elapsed_min=75.8 files_done=181 resolved=1595 errors=7044 current=aws-sdk-resources/lib/aws-sdk-resources/services/s3/bucket.rb
[2026-04-13T01:38:12Z] [iter=1] HEARTBEAT target_type=call_site elapsed_min=76.7 files_done=184 resolved=1605 errors=7131 current=aws-sdk-core/lib/aws-sdk-core/mediatailor.rb
[2026-04-13T01:38:58Z] [iter=1] HEARTBEAT target_type=call_site elapsed_min=77.4 files_done=189 resolved=1616 errors=7204 current=aws-sdk-core/lib/aws-sdk-core/api/docs/shared_example.rb
[2026-04-13T01:39:36Z] [iter=1] HEARTBEAT target_type=call_site elapsed_min=78.1 files_done=191 resolved=1637 errors=7264 current=aws-sdk-core/spec/seahorse/client/net_http/handler_spec.rb
[2026-04-13T01:40:33Z] [iter=1] HEARTBEAT target_type=call_site elapsed_min=79.0 files_done=194 resolved=1681 errors=7353 current=aws-sdk-core/spec/aws/query/ec2_param_builder_spec.rb
[2026-04-13T01:41:07Z] [iter=1] HEARTBEAT target_type=call_site elapsed_min=79.6 files_done=198 resolved=1688 errors=7405 current=aws-sdk-resources/lib/aws-sdk-resources/definition.rb
[2026-04-13T01:42:32Z] [iter=1] HEARTBEAT target_type=call_site elapsed_min=81.0 files_done=199 resolved=1692 errors=7542 current=aws-sdk-resources/spec/services/s3/encryption/io_encrypter_spec.rb
[2026-04-13T01:43:15Z] [iter=1] HEARTBEAT target_type=call_site elapsed_min=81.7 files_done=202 resolved=1708 errors=7611 current=aws-sdk-core/lib/aws-sdk-core/json/handler.rb
[2026-04-13T01:43:47Z] [iter=1] HEARTBEAT target_type=call_site elapsed_min=82.2 files_done=203 resolved=1708 errors=7661 current=aws-sdk-core/lib/aws-sdk-core/ecs_credentials.rb
[2026-04-13T01:44:24Z] [iter=1] HEARTBEAT target_type=call_site elapsed_min=82.9 files_done=208 resolved=1777 errors=7717 current=aws-sdk-core/lib/aws-sdk-core/partitions/partition.rb
[2026-04-13T01:44:55Z] [iter=1] HEARTBEAT target_type=call_site elapsed_min=83.4 files_done=212 resolved=1790 errors=7766 current=aws-sdk-core/spec/aws/glacier/client_spec.rb
[2026-04-13T01:45:51Z] [iter=1] HEARTBEAT target_type=call_site elapsed_min=84.3 files_done=215 resolved=1804 errors=7855 current=aws-sdk-core/lib/aws-sdk-core/shared_credentials.rb
[2026-04-13T01:46:31Z] [iter=1] HEARTBEAT target_type=call_site elapsed_min=85.0 files_done=218 resolved=1814 errors=7918 current=aws-sdk-resources/spec/services/s3/encryptionV2/io_encrypter_spec.rb
[2026-04-13T01:47:05Z] [iter=1] HEARTBEAT target_type=call_site elapsed_min=85.6 files_done=221 resolved=1827 errors=7970 current=aws-sdk-core/lib/aws-sdk-core/plugins/logging.rb
[2026-04-13T01:47:40Z] [iter=1] HEARTBEAT target_type=call_site elapsed_min=86.1 files_done=225 resolved=1855 errors=8023 current=aws-sdk-resources/lib/aws-sdk-resources/services/s3/encryption_v2.rb
[2026-04-13T01:48:34Z] [iter=1] HEARTBEAT target_type=call_site elapsed_min=87.0 files_done=228 resolved=1888 errors=8107 current=aws-sdk-core/spec/aws/cloud_front/url_signer_spec.rb
[2026-04-13T01:49:09Z] [iter=1] HEARTBEAT target_type=call_site elapsed_min=87.6 files_done=232 resolved=1902 errors=8162 current=aws-sdk-core/lib/aws-sdk-core/plugins/idempotency_token.rb
[2026-04-13T01:49:39Z] [iter=1] HEARTBEAT target_type=call_site elapsed_min=88.1 files_done=235 resolved=1914 errors=8210 current=aws-sdk-core/lib/aws-sdk-core/plugins/glacier_checksums.rb
[2026-04-13T01:50:10Z] [iter=1] HEARTBEAT target_type=call_site elapsed_min=88.6 files_done=239 resolved=1926 errors=8258 current=aws-sdk-resources/lib/aws-sdk-resources/documenter/waiter_operation_documenter.rb
[2026-04-13T01:51:26Z] [iter=1] HEARTBEAT target_type=call_site elapsed_min=89.9 files_done=242 resolved=1932 errors=8380 current=aws-sdk-core/spec/aws/assume_role_credentials_spec.rb
[2026-04-13T01:52:01Z] [iter=1] HEARTBEAT target_type=call_site elapsed_min=90.5 files_done=244 resolved=1936 errors=8435 current=aws-sdk-resources/lib/aws-sdk-resources/documenter/has_operation_documenter.rb
[2026-04-13T01:52:33Z] [iter=1] HEARTBEAT target_type=call_site elapsed_min=91.0 files_done=249 resolved=1944 errors=8485 current=aws-sdk-resources/spec/spec_helper.rb
[2026-04-13T01:53:14Z] [iter=1] HEARTBEAT target_type=call_site elapsed_min=91.7 files_done=253 resolved=1973 errors=8548 current=aws-sdk-core/lib/aws-sdk-core/api/docs/operation_documenter.rb
[2026-04-13T01:54:03Z] [iter=1] HEARTBEAT target_type=call_site elapsed_min=92.5 files_done=254 resolved=1983 errors=8626 current=aws-sdk-core/lib/aws-sdk-core/tree_hash.rb
[2026-04-13T01:54:36Z] [iter=1] HEARTBEAT target_type=call_site elapsed_min=93.1 files_done=257 resolved=1992 errors=8677 current=aws-sdk-core/lib/aws-sdk-core/plugins/s3_dualstack.rb
[2026-04-13T01:55:33Z] [iter=1] HEARTBEAT target_type=call_site elapsed_min=94.0 files_done=259 resolved=2013 errors=8769 current=aws-sdk-core/spec/aws/param_validator_spec.rb
[2026-04-13T01:56:36Z] [iter=1] HEARTBEAT target_type=call_site elapsed_min=95.1 files_done=261 resolved=2037 errors=8868 current=aws-sdk-core/lib/aws-sdk-core/xml/parser/engines/ox.rb
[2026-04-13T01:57:08Z] [iter=1] HEARTBEAT target_type=call_site elapsed_min=95.6 files_done=263 resolved=2049 errors=8918 current=aws-sdk-resources/lib/aws-sdk-resources/operation_methods.rb
[2026-04-13T01:57:49Z] [iter=1] HEARTBEAT target_type=call_site elapsed_min=96.3 files_done=265 resolved=2055 errors=8983 current=aws-sdk-core/spec/aws/stubbing/protocols/json_spec.rb
[2026-04-13T01:58:40Z] [iter=1] HEARTBEAT target_type=call_site elapsed_min=97.1 files_done=269 resolved=2068 errors=9064 current=aws-sdk-core/lib/aws-sdk-core/glue.rb
[2026-04-13T01:59:15Z] [iter=1] HEARTBEAT target_type=call_site elapsed_min=97.7 files_done=273 resolved=2085 errors=9119 current=aws-sdk-core/lib/seahorse/client/handler_builder.rb
[2026-04-13T01:59:48Z] [iter=1] HEARTBEAT target_type=call_site elapsed_min=98.3 files_done=276 resolved=2097 errors=9170 current=aws-sdk-core/spec/aws/machinelearning/client_spec.rb
[2026-04-13T02:00:28Z] [iter=1] HEARTBEAT target_type=call_site elapsed_min=98.9 files_done=278 resolved=2102 errors=9234 current=aws-sdk-core/lib/aws-sdk-core/signers/v2.rb
[2026-04-13T02:00:59Z] [iter=1] HEARTBEAT target_type=call_site elapsed_min=99.5 files_done=280 resolved=2106 errors=9283 current=aws-sdk-core/spec/aws/plugins/endpoint_pattern_spec.rb
[2026-04-13T02:01:32Z] [iter=1] HEARTBEAT target_type=call_site elapsed_min=100.0 files_done=282 resolved=2122 errors=9334 current=aws-sdk-core/spec/aws/cloud_search_domain/client_spec.rb
[2026-04-13T02:02:03Z] [iter=1] HEARTBEAT target_type=call_site elapsed_min=100.5 files_done=283 resolved=2123 errors=9383 current=aws-sdk-core/lib/aws-sdk-core/log/handler.rb
[2026-04-13T02:02:57Z] [iter=1] HEARTBEAT target_type=call_site elapsed_min=101.4 files_done=289 resolved=2180 errors=9467 current=aws-sdk-core/features/route53_domains/step_definitions.rb
[2026-04-13T02:03:34Z] [iter=1] HEARTBEAT target_type=call_site elapsed_min=102.0 files_done=294 resolved=2192 errors=9524 current=aws-sdk-resources/lib/aws-sdk-resources/services/s3/encryption/utils.rb
[2026-04-13T02:04:18Z] [iter=1] HEARTBEAT target_type=call_site elapsed_min=102.8 files_done=296 resolved=2200 errors=9594 current=aws-sdk-core/lib/aws-sdk-core/api/docs/request_syntax_example.rb
[2026-04-13T02:05:02Z] [iter=1] HEARTBEAT target_type=call_site elapsed_min=103.5 files_done=300 resolved=2215 errors=9662 current=aws-sdk-core/lib/seahorse/model/shapes.rb
[2026-04-13T02:05:52Z] [iter=1] HEARTBEAT target_type=call_site elapsed_min=104.3 files_done=304 resolved=2245 errors=9740 current=aws-sdk-resources/spec/services/s3/encryptionV2/encrypt_handler_spec.rb
[2026-04-13T02:06:38Z] [iter=1] HEARTBEAT target_type=call_site elapsed_min=105.1 files_done=308 resolved=2266 errors=9812 current=aws-sdk-core/features/step_definitions.rb
[2026-04-13T02:07:30Z] [iter=1] HEARTBEAT target_type=call_site elapsed_min=106.0 files_done=310 resolved=2269 errors=9894 current=aws-sdk-resources/lib/aws-sdk-resources/services/s3/file_part.rb
[2026-04-13T02:08:06Z] [iter=1] HEARTBEAT target_type=call_site elapsed_min=106.6 files_done=314 resolved=2279 errors=9949 current=aws-sdk-core/lib/aws-sdk-core/plugins/endpoint_pattern.rb
[2026-04-13T02:09:21Z] [iter=1] HEARTBEAT target_type=call_site elapsed_min=107.8 files_done=317 resolved=2285 errors=10069 current=aws-sdk-core/features/elasticbeanstalk/step_definitions.rb
[2026-04-13T02:09:52Z] [iter=1] HEARTBEAT target_type=call_site elapsed_min=108.3 files_done=320 resolved=2297 errors=10119 current=aws-sdk-core/lib/aws-sdk-core/plugins/sqs_queue_urls.rb
[2026-04-13T02:10:33Z] [iter=1] HEARTBEAT target_type=call_site elapsed_min=109.0 files_done=325 resolved=2303 errors=10181 current=aws-sdk-core/spec/seahorse/client/handler_spec.rb
[2026-04-13T02:11:10Z] [iter=1] HEARTBEAT target_type=call_site elapsed_min=109.6 files_done=329 resolved=2311 errors=10238 current=aws-sdk-core/aws-sdk-core.gemspec
[2026-04-13T02:11:44Z] [iter=1] HEARTBEAT target_type=call_site elapsed_min=110.2 files_done=331 resolved=2328 errors=10292 current=aws-sdk-core/spec/aws/cloud_front/cookie_signer_spec.rb
[2026-04-13T02:12:27Z] [iter=1] HEARTBEAT target_type=call_site elapsed_min=110.9 files_done=337 resolved=2347 errors=10358 current=aws-sdk-core/lib/aws-sdk-core/api/docs/docstring_provider.rb
[2026-04-13T02:13:06Z] [iter=1] HEARTBEAT target_type=call_site elapsed_min=111.6 files_done=341 resolved=2354 errors=10421 current=aws-sdk-resources/lib/aws-sdk-resources/services/s3/object.rb
[2026-04-13T02:13:49Z] [iter=1] HEARTBEAT target_type=call_site elapsed_min=112.3 files_done=344 resolved=2358 errors=10488 current=aws-sdk-core/lib/aws-sdk-core/personalize.rb
[2026-04-13T02:14:32Z] [iter=1] HEARTBEAT target_type=call_site elapsed_min=113.0 files_done=348 resolved=2361 errors=10555 current=aws-sdk-core/lib/aws-sdk-core/iam.rb
[2026-04-13T02:15:06Z] [iter=1] HEARTBEAT target_type=call_site elapsed_min=113.6 files_done=355 resolved=2386 errors=10607 current=aws-sdk-core/lib/aws-sdk-core/xml/parser.rb
[2026-04-13T02:15:41Z] [iter=1] HEARTBEAT target_type=call_site elapsed_min=114.2 files_done=360 resolved=2404 errors=10662 current=aws-sdk-resources/lib/aws-sdk-resources/documenter/resource_operation_documenter.rb
[2026-04-13T02:16:12Z] [iter=1] HEARTBEAT target_type=call_site elapsed_min=114.7 files_done=367 resolved=2431 errors=10707 current=aws-sdk-core/lib/aws-sdk-core/plugins/s3_md5s.rb
[2026-04-13T02:16:52Z] [iter=1] HEARTBEAT target_type=call_site elapsed_min=115.3 files_done=373 resolved=2475 errors=10769 current=aws-sdk-core/lib/aws-sdk-core/braket.rb
[2026-04-13T02:17:56Z] [iter=1] HEARTBEAT target_type=call_site elapsed_min=116.4 files_done=379 resolved=2494 errors=10868 current=aws-sdk-core/lib/aws-sdk-core/credential_provider.rb
[2026-04-13T02:18:26Z] [iter=1] HEARTBEAT target_type=call_site elapsed_min=116.9 files_done=384 resolved=2517 errors=10915 current=aws-sdk-core/lib/aws-sdk-core/codeguruprofiler.rb
[2026-04-13T02:19:06Z] [iter=1] HEARTBEAT target_type=call_site elapsed_min=117.6 files_done=388 resolved=2527 errors=10975 current=aws-sdk-core/lib/aws-sdk-core/waiters/errors.rb
[2026-04-13T02:19:37Z] [iter=1] HEARTBEAT target_type=call_site elapsed_min=118.1 files_done=397 resolved=2561 errors=11022 current=aws-sdk-core/lib/aws-sdk-core/polly.rb
[2026-04-13T02:20:09Z] [iter=1] HEARTBEAT target_type=call_site elapsed_min=118.6 files_done=406 resolved=2577 errors=11070 current=aws-sdk-resources/spec/services/s3/object/presigned_url_spec.rb
[2026-04-13T02:20:39Z] [iter=1] HEARTBEAT target_type=call_site elapsed_min=119.1 files_done=414 resolved=2580 errors=11116 current=aws-sdk-core/lib/aws-sdk-core/partitions/partition_list.rb
[2026-04-13T02:21:10Z] [iter=1] HEARTBEAT target_type=call_site elapsed_min=119.6 files_done=421 resolved=2598 errors=11163 current=tasks/github.rake
[2026-04-13T02:21:41Z] [iter=1] HEARTBEAT target_type=call_site elapsed_min=120.2 files_done=429 resolved=2614 errors=11209 current=aws-sdk-core/features/ec2/step_definitions.rb
[2026-04-13T02:22:13Z] [iter=1] HEARTBEAT target_type=call_site elapsed_min=120.7 files_done=442 resolved=2626 errors=11255 current=aws-sdk-core/lib/seahorse/client/plugins/response_target.rb
[2026-04-13T02:22:46Z] [iter=1] HEARTBEAT target_type=call_site elapsed_min=121.2 files_done=451 resolved=2651 errors=11305 current=aws-sdk-core/lib/seahorse/client/plugins/content_length.rb
[2026-04-13T02:23:21Z] [iter=1] HEARTBEAT target_type=call_site elapsed_min=121.8 files_done=458 resolved=2668 errors=11359 current=aws-sdk-core/features/ssm/step_definitions.rb
[2026-04-13T02:23:55Z] [iter=1] HEARTBEAT target_type=call_site elapsed_min=122.4 files_done=469 resolved=2697 errors=11410 current=aws-sdk-core/features/dynamodb/step_definitions.rb
[2026-04-13T02:24:26Z] [iter=1] HEARTBEAT target_type=call_site elapsed_min=122.9 files_done=483 resolved=2720 errors=11455 current=aws-sdk-resources/lib/aws-sdk-resources/errors.rb
[2026-04-13T02:25:09Z] [iter=1] HEARTBEAT target_type=call_site elapsed_min=123.6 files_done=492 resolved=2738 errors=11520 current=aws-sdk-core/lib/aws-sdk-core/groundstation.rb
[2026-04-13T02:25:24Z] [iter=1] CHECKPOINT TRIGGERED elapsed_min=123.9 files_completed=500 new_files_this_iter=500 mem_mb=940 MB
[2026-04-13T02:25:24Z] [iter=1] Writing partial enrichment graph path=/home/runner/work/forx/forx/storage/aggregate/lsp/3665106e009d2e46b022b00997c939b1c28fb022.nq.gz triples=95503
[2026-04-13T02:25:27Z] [iter=1] Checkpoint written, exiting with code 7
[2026-04-13T02:25:27Z] [iter=1] PHASE END: enrich (checkpointed) elapsed_s=7433 elapsed_min=123.9 files_completed=500
